{
  "model": "runs/20260823-1902-rotation-credit-ablation-B-no-support-term-s400-seed0/checkpoints/final_model.zip",
  "stage": 0,
  "episodes": 10,
  "physics_mode": "revolute",
  "reward_style": "dexscrew",
  "tip_connect_solref": null,
  "tip_connect_enabled": false,
  "axis_stabilizer_scale": 0.0,
  "axis_tilt_penalty_weight": 1.0,
  "axis_tilt_recovery_scale": 0.0,
  "rotation_reward_scale": 16.0,
  "contact_reward_mode": "discrete",
  "three_contact_reward": 0.3,
  "rotation_requires_three_contacts": false,
  "contact_support_termination_enabled": false,
  "contact_reward_scale": 1.0,
  "contact_window_steps": 25,
  "contact_window_threshold": 18.0,
  "omega_success_threshold": 0.5,
  "omega_success_hold_seconds": 10.0,
  "rod_mass_scale": 400.0,
  "rod_friction_cap": 4.0,
  "contact_friction_scale": 4.0,
  "scale_tip_solref_with_mass": false,
  "contact_friction_vector": [
    7.2,
    0.05,
    0.001
  ],
  "tilt_terminate_rad": 0.7,
  "tip_anchor": "bottom",
  "hand_model": "allegro",
  "hand_pose_config": "/data/ypx/allegro_rod_mvp/configs/hand_poses/my_grasp.json",
  "hand_pose_config_sha256": "2d8ac7f17a6693855543395d52022524c1a2956422915ee2962544019f6e7c9f",
  "hand_pose_config_content": {
    "schema": "allegro_rod_mvp.hand_pose",
    "schema_version": 1,
    "transform_space": "model",
    "body": "palm",
    "translation": [
      0.0262807865392716,
      -0.08578110798288589,
      0.113580438493427
    ],
    "quaternion_wxyz": [
      0.7071067811865475,
      1.3877787807814457e-17,
      0.7071067811865476,
      1.3877787807814457e-17
    ],
    "euler_xyz_degrees": [
      169.97501213792427,
      90.0,
      169.97501213792427
    ],
    "source_pose": {
      "type": "model_default",
      "model": "models/allegro_three_finger_rod_revolute.xml",
      "translation": [
        -0.018718,
        -0.022177,
        -0.058714
      ],
      "quaternion_wxyz": [
        0.0,
        0.7071067811865476,
        0.0,
        0.7071067811865476
      ]
    },
    "pivot": "palm_body_origin",
    "rotation_convention": "world-axis incremental rotations pre-multiplied onto the palm orientation; Euler display is extrinsic XYZ in degrees",
    "model_variant": "allegro_three_finger_rod_revolute",
    "compatible_model_variants": [
      "allegro_three_finger_rod",
      "allegro_three_finger_rod_revolute"
    ],
    "created_at": "2026-08-23T17:15:52-07:00",
    "notes": ""
  },
  "hand_grasp_config": "/data/ypx/allegro_rod_mvp/configs/hand_grasps/my_grasp_revolute_shared.json",
  "hand_grasp_config_sha256": "fdd9ead60842eca3167f98ecda3c496ea752cff3fa9e053de47a4544e061b03a",
  "hand_grasp_config_content": {
    "schema": "allegro_rod_mvp.hand_grasp",
    "schema_version": 1,
    "hand_model": "allegro",
    "hand_pose_path": "configs/hand_poses/my_grasp.json",
    "hand_pose_sha256": "2d8ac7f17a6693855543395d52022524c1a2956422915ee2962544019f6e7c9f",
    "joint_order": [
      "f0_j0",
      "f0_j1",
      "f0_j2",
      "f0_j3",
      "f1_j0",
      "f1_j1",
      "f1_j2",
      "f1_j3",
      "f2_j0",
      "f2_j1",
      "f2_j2",
      "f2_j3"
    ],
    "reset_qpos": [
      7.548838867727841e-08,
      1.0736323864341875,
      1.0313785514651856,
      0.7316452497148404,
      0.16193687029911827,
      1.2757924785844845,
      1.0454911512789378,
      0.7641591781446949,
      1.0492318494888706,
      0.40374195243716865,
      0.19782398096519818,
      1.1841084856455784
    ],
    "grasp_qpos": [
      7.548838867727841e-08,
      1.0736323864341875,
      1.0313785514651856,
      0.7316452497148404,
      0.16193687029911827,
      1.2757924785844845,
      1.0454911512789378,
      0.7641591781446949,
      1.0492318494888706,
      0.40374195243716865,
      0.19782398096519818,
      1.1841084856455784
    ],
    "reset_joint_noise": 0.0075,
    "grasp_ramp_steps": 1,
    "grasp_hold_steps": 100,
    "validated_for": {
      "physics_modes": [
        "revolute"
      ],
      "mass_scales": [
        400.0,
        1.0
      ],
      "fixed_seeds": [
        0,
        1,
        2,
        3,
        4,
        5,
        6,
        7,
        8,
        9
      ],
      "steps_per_seed": 100
    },
    "source": "bounded per-finger signed-distance search at -1 mm target followed by deterministic dynamic robustness audit",
    "notes": "Shared revolute endpoint preset. The same vector passed tip-connect s=1 but not tip-connect s=400, so it is not silently promoted as a universal preset."
  },
  "dexscrew_tip_penalty_scale": 0.5,
  "vecnormalize": "runs/20260823-1902-rotation-credit-ablation-B-no-support-term-s400-seed0/checkpoints/vecnormalize.pkl",
  "axis_rotation_deg_mean": 379.2036270162316,
  "axis_rotation_deg_std": 116.02078573434814,
  "tip_error_m_mean": 1.5238048948395808e-17,
  "tip_error_m_std": 7.826967141213843e-18,
  "contact_count_mean": 1.8,
  "contact_count_step_distribution": {
    "0": 0.003,
    "1": 0.1034,
    "2": 0.5586,
    "3": 0.335
  },
  "contact_fraction_at_least_one": 0.997,
  "contact_fraction_at_least_two": 0.8936,
  "finger_contact_step_fraction": [
    0.6678,
    0.9244,
    0.6334
  ],
  "minimum_window_three_contact_occupancy": {
    "window_steps": 25,
    "minimum_across_episodes": 0.0,
    "mean_episode_minimum": 0.0
  },
  "rolling_contact_gate_failure_steps": {
    "total": 3573,
    "episodes_with_failure": 10
  },
  "per_tip_contact_loss_longest": [
    {
      "mean_steps": 92.2,
      "max_steps": 230,
      "mean_seconds": 3.688,
      "max_seconds": 9.200000000000001
    },
    {
      "mean_steps": 37.0,
      "max_steps": 316,
      "mean_seconds": 1.48,
      "max_seconds": 12.64
    },
    {
      "mean_steps": 167.1,
      "max_steps": 327,
      "mean_seconds": 6.684,
      "max_seconds": 13.08
    }
  ],
  "per_tip_leave_return_events": [
    {
      "mean": 16.1,
      "minimum": 4,
      "maximum": 48,
      "total": 161
    },
    {
      "mean": 0.9,
      "minimum": 0,
      "maximum": 3,
      "total": 9
    },
    {
      "mean": 4.3,
      "minimum": 0,
      "maximum": 14,
      "total": 43
    }
  ],
  "complete_contact_loss_longest": {
    "mean_steps": 1.5,
    "max_steps": 9,
    "mean_seconds": 0.06,
    "max_seconds": 0.36
  },
  "below_two_contact_longest": {
    "mean_steps": 43.8,
    "max_steps": 309,
    "mean_seconds": 1.752,
    "max_seconds": 12.36
  },
  "rotation_cycle_metrics": {
    "cumulative_absolute_rotation_deg_mean": 878.7629271099975,
    "completed_net_cycles_mean": 0.3,
    "episodes_with_at_least_two_net_cycles": 0
  },
  "axial_omega_metrics": {
    "mean_rad_s": 0.33115577943289265,
    "p95_rad_s": 3.0785195081842325,
    "fraction_above_success_threshold": 0.2418
  },
  "tip_error_m_max": 5.003707553108401e-17,
  "numerical_instability_episodes": 0,
  "final_axis_tilt_deg_mean": 0.0,
  "omega_hold_satisfied_rate": 0.0,
  "omega_hold_seconds_max_mean": 0.924,
  "stabilizer_torque_mean": 0.0,
  "stabilizer_torque_max_mean": 0.0,
  "termination_reasons": {
    "none": 10
  },
  "reward_component_step_means": {
    "reward_rotation": 0.7874183916588073,
    "reward_tip_penalty": -2.2796116881672276e-31,
    "reward_axis_tilt_penalty": 0.0,
    "reward_axis_tilt_penalty_raw": 0.0,
    "reward_axis_tilt_recovery": 0.0,
    "reward_lateral_omega_penalty": 0.0,
    "reward_contact_bonus": 0.022959999999999998,
    "reward_contact_bonus_raw": 0.022959999999999998,
    "reward_proximity": 0.07991988614123592,
    "reward_force_penalty": 0.0,
    "reward_action_rate_penalty": -0.0015175164852370847
  },
  "normal_contact_force_n": {
    "per_tip": [
      {
        "mean": 28.708155649485207,
        "median": 15.851988947590256,
        "p95": 82.48515276881086
      },
      {
        "mean": 46.73849174488967,
        "median": 39.15463896622356,
        "p95": 95.6002394545752
      },
      {
        "mean": 42.74926575225449,
        "median": 28.246799651629175,
        "p95": 130.60274782738477
      }
    ],
    "total": {
      "mean": 118.19591314662937,
      "median": 108.75663605307405,
      "p95": 217.17594119794484
    },
    "definition": "MuJoCo contact-frame normal force, not actuator effort"
  },
  "success_rate": 0.0,
  "drop_rate": 0.0,
  "passed": false
}
