{
  "model": "runs/20260823-1812-finger-gait-contact-scale010-C-s400-seed0/checkpoints/final_model.zip",
  "stage": 0,
  "episodes": 10,
  "physics_mode": "revolute",
  "reward_style": "dexscrew",
  "tip_connect_solref": null,
  "tip_connect_enabled": false,
  "axis_stabilizer_scale": 0.0,
  "axis_tilt_penalty_weight": 1.0,
  "axis_tilt_recovery_scale": 0.0,
  "rotation_reward_scale": 16.0,
  "contact_reward_mode": "discrete",
  "three_contact_reward": 0.3,
  "rotation_requires_three_contacts": false,
  "contact_support_termination_enabled": false,
  "contact_reward_scale": 0.1,
  "contact_window_steps": 25,
  "contact_window_threshold": 18.0,
  "omega_success_threshold": 0.5,
  "omega_success_hold_seconds": 10.0,
  "rod_mass_scale": 400.0,
  "rod_friction_cap": 4.0,
  "contact_friction_scale": 4.0,
  "scale_tip_solref_with_mass": false,
  "contact_friction_vector": [
    7.2,
    0.05,
    0.001
  ],
  "tilt_terminate_rad": 0.7,
  "tip_anchor": "bottom",
  "hand_model": "allegro",
  "hand_pose_config": "/data/ypx/allegro_rod_mvp/configs/hand_poses/my_grasp.json",
  "hand_pose_config_sha256": "2d8ac7f17a6693855543395d52022524c1a2956422915ee2962544019f6e7c9f",
  "hand_pose_config_content": {
    "schema": "allegro_rod_mvp.hand_pose",
    "schema_version": 1,
    "transform_space": "model",
    "body": "palm",
    "translation": [
      0.0262807865392716,
      -0.08578110798288589,
      0.113580438493427
    ],
    "quaternion_wxyz": [
      0.7071067811865475,
      1.3877787807814457e-17,
      0.7071067811865476,
      1.3877787807814457e-17
    ],
    "euler_xyz_degrees": [
      169.97501213792427,
      90.0,
      169.97501213792427
    ],
    "source_pose": {
      "type": "model_default",
      "model": "models/allegro_three_finger_rod_revolute.xml",
      "translation": [
        -0.018718,
        -0.022177,
        -0.058714
      ],
      "quaternion_wxyz": [
        0.0,
        0.7071067811865476,
        0.0,
        0.7071067811865476
      ]
    },
    "pivot": "palm_body_origin",
    "rotation_convention": "world-axis incremental rotations pre-multiplied onto the palm orientation; Euler display is extrinsic XYZ in degrees",
    "model_variant": "allegro_three_finger_rod_revolute",
    "compatible_model_variants": [
      "allegro_three_finger_rod",
      "allegro_three_finger_rod_revolute"
    ],
    "created_at": "2026-08-23T17:15:52-07:00",
    "notes": ""
  },
  "hand_grasp_config": "/data/ypx/allegro_rod_mvp/configs/hand_grasps/my_grasp_revolute_shared.json",
  "hand_grasp_config_sha256": "fdd9ead60842eca3167f98ecda3c496ea752cff3fa9e053de47a4544e061b03a",
  "hand_grasp_config_content": {
    "schema": "allegro_rod_mvp.hand_grasp",
    "schema_version": 1,
    "hand_model": "allegro",
    "hand_pose_path": "configs/hand_poses/my_grasp.json",
    "hand_pose_sha256": "2d8ac7f17a6693855543395d52022524c1a2956422915ee2962544019f6e7c9f",
    "joint_order": [
      "f0_j0",
      "f0_j1",
      "f0_j2",
      "f0_j3",
      "f1_j0",
      "f1_j1",
      "f1_j2",
      "f1_j3",
      "f2_j0",
      "f2_j1",
      "f2_j2",
      "f2_j3"
    ],
    "reset_qpos": [
      7.548838867727841e-08,
      1.0736323864341875,
      1.0313785514651856,
      0.7316452497148404,
      0.16193687029911827,
      1.2757924785844845,
      1.0454911512789378,
      0.7641591781446949,
      1.0492318494888706,
      0.40374195243716865,
      0.19782398096519818,
      1.1841084856455784
    ],
    "grasp_qpos": [
      7.548838867727841e-08,
      1.0736323864341875,
      1.0313785514651856,
      0.7316452497148404,
      0.16193687029911827,
      1.2757924785844845,
      1.0454911512789378,
      0.7641591781446949,
      1.0492318494888706,
      0.40374195243716865,
      0.19782398096519818,
      1.1841084856455784
    ],
    "reset_joint_noise": 0.0075,
    "grasp_ramp_steps": 1,
    "grasp_hold_steps": 100,
    "validated_for": {
      "physics_modes": [
        "revolute"
      ],
      "mass_scales": [
        400.0,
        1.0
      ],
      "fixed_seeds": [
        0,
        1,
        2,
        3,
        4,
        5,
        6,
        7,
        8,
        9
      ],
      "steps_per_seed": 100
    },
    "source": "bounded per-finger signed-distance search at -1 mm target followed by deterministic dynamic robustness audit",
    "notes": "Shared revolute endpoint preset. The same vector passed tip-connect s=1 but not tip-connect s=400, so it is not silently promoted as a universal preset."
  },
  "dexscrew_tip_penalty_scale": 0.5,
  "vecnormalize": "runs/20260823-1812-finger-gait-contact-scale010-C-s400-seed0/checkpoints/vecnormalize.pkl",
  "axis_rotation_deg_mean": 533.9696259250084,
  "axis_rotation_deg_std": 105.52789514802267,
  "tip_error_m_mean": 1.784869474985258e-17,
  "tip_error_m_std": 1.0563351772300439e-17,
  "contact_count_mean": 2.2,
  "contact_count_step_distribution": {
    "0": 0.0536,
    "1": 0.3422,
    "2": 0.425,
    "3": 0.1792
  },
  "contact_fraction_at_least_one": 0.9464,
  "contact_fraction_at_least_two": 0.6042,
  "finger_contact_step_fraction": [
    0.5606,
    0.8194,
    0.3498
  ],
  "minimum_window_three_contact_occupancy": {
    "window_steps": 25,
    "minimum_across_episodes": 0.0,
    "mean_episode_minimum": 0.0
  },
  "rolling_contact_gate_failure_steps": {
    "total": 4206,
    "episodes_with_failure": 10
  },
  "per_tip_contact_loss_longest": [
    {
      "mean_steps": 138.4,
      "max_steps": 309,
      "mean_seconds": 5.5360000000000005,
      "max_seconds": 12.36
    },
    {
      "mean_steps": 71.4,
      "max_steps": 253,
      "mean_seconds": 2.8560000000000003,
      "max_seconds": 10.120000000000001
    },
    {
      "mean_steps": 236.6,
      "max_steps": 444,
      "mean_seconds": 9.464,
      "max_seconds": 17.76
    }
  ],
  "per_tip_leave_return_events": [
    {
      "mean": 8.3,
      "minimum": 3,
      "maximum": 20,
      "total": 83
    },
    {
      "mean": 4.1,
      "minimum": 2,
      "maximum": 8,
      "total": 41
    },
    {
      "mean": 2.8,
      "minimum": 0,
      "maximum": 5,
      "total": 28
    }
  ],
  "complete_contact_loss_longest": {
    "mean_steps": 16.3,
    "max_steps": 44,
    "mean_seconds": 0.652,
    "max_seconds": 1.76
  },
  "below_two_contact_longest": {
    "mean_steps": 127.1,
    "max_steps": 242,
    "mean_seconds": 5.084,
    "max_seconds": 9.68
  },
  "rotation_cycle_metrics": {
    "cumulative_absolute_rotation_deg_mean": 1040.3344908826489,
    "completed_net_cycles_mean": 1.1,
    "episodes_with_at_least_two_net_cycles": 1
  },
  "axial_omega_metrics": {
    "mean_rad_s": 0.45475368535614236,
    "p95_rad_s": 3.1807888135349027,
    "fraction_above_success_threshold": 0.2634
  },
  "tip_error_m_max": 4.883132886754873e-17,
  "numerical_instability_episodes": 0,
  "final_axis_tilt_deg_mean": 0.0,
  "omega_hold_satisfied_rate": 0.0,
  "omega_hold_seconds_max_mean": 1.2,
  "stabilizer_torque_mean": 0.0,
  "stabilizer_torque_max_mean": 0.0,
  "termination_reasons": {
    "none": 10
  },
  "reward_component_step_means": {
    "reward_rotation": 0.8611067866285154,
    "reward_tip_penalty": -2.574159263147417e-31,
    "reward_axis_tilt_penalty": 0.0,
    "reward_axis_tilt_penalty_raw": 0.0,
    "reward_axis_tilt_recovery": 0.0,
    "reward_lateral_omega_penalty": 0.0,
    "reward_contact_bonus": -0.07819400000000001,
    "reward_contact_bonus_raw": -0.7819400000000001,
    "reward_proximity": 0.18827094898290486,
    "reward_force_penalty": 0.0,
    "reward_action_rate_penalty": -0.0015009027422964033
  },
  "normal_contact_force_n": {
    "per_tip": [
      {
        "mean": 28.490976133622333,
        "median": 7.276137108504271,
        "p95": 107.65252675820466
      },
      {
        "mean": 35.947190237913446,
        "median": 27.011636775816136,
        "p95": 106.085016949839
      },
      {
        "mean": 14.267164437059563,
        "median": 0.0,
        "p95": 77.13784129775178
      }
    ],
    "total": {
      "mean": 78.70533080859535,
      "median": 81.96996985256875,
      "p95": 158.40382432676114
    },
    "definition": "MuJoCo contact-frame normal force, not actuator effort"
  },
  "success_rate": 0.0,
  "drop_rate": 0.0,
  "passed": false
}
