{
  "model": "runs/20260823-1820-two-phase-grasp-recovery-cont-seed0-R00-s400-mu4-iter0-seed0/checkpoints/final_model.zip",
  "stage": 0,
  "episodes": 10,
  "physics_mode": "revolute",
  "reward_style": "dexscrew",
  "tip_connect_solref": null,
  "tip_connect_enabled": false,
  "axis_stabilizer_scale": 0.0,
  "axis_tilt_penalty_weight": 1.0,
  "axis_tilt_recovery_scale": 0.0,
  "rotation_reward_scale": 16.0,
  "contact_reward_mode": "discrete",
  "three_contact_reward": 0.3,
  "rotation_requires_three_contacts": true,
  "contact_support_termination_enabled": true,
  "contact_reward_scale": 1.0,
  "contact_window_steps": 25,
  "contact_window_threshold": 18.0,
  "omega_success_threshold": 0.5,
  "omega_success_hold_seconds": 10.0,
  "rod_mass_scale": 400.0,
  "rod_friction_cap": 4.0,
  "contact_friction_scale": 4.0,
  "scale_tip_solref_with_mass": false,
  "contact_friction_vector": [
    7.2,
    0.05,
    0.001
  ],
  "tilt_terminate_rad": 0.7,
  "tip_anchor": "bottom",
  "hand_model": "allegro",
  "hand_pose_config": "/data/ypx/allegro_rod_mvp/configs/hand_poses/my_grasp.json",
  "hand_pose_config_sha256": "2d8ac7f17a6693855543395d52022524c1a2956422915ee2962544019f6e7c9f",
  "hand_pose_config_content": {
    "schema": "allegro_rod_mvp.hand_pose",
    "schema_version": 1,
    "transform_space": "model",
    "body": "palm",
    "translation": [
      0.0262807865392716,
      -0.08578110798288589,
      0.113580438493427
    ],
    "quaternion_wxyz": [
      0.7071067811865475,
      1.3877787807814457e-17,
      0.7071067811865476,
      1.3877787807814457e-17
    ],
    "euler_xyz_degrees": [
      169.97501213792427,
      90.0,
      169.97501213792427
    ],
    "source_pose": {
      "type": "model_default",
      "model": "models/allegro_three_finger_rod_revolute.xml",
      "translation": [
        -0.018718,
        -0.022177,
        -0.058714
      ],
      "quaternion_wxyz": [
        0.0,
        0.7071067811865476,
        0.0,
        0.7071067811865476
      ]
    },
    "pivot": "palm_body_origin",
    "rotation_convention": "world-axis incremental rotations pre-multiplied onto the palm orientation; Euler display is extrinsic XYZ in degrees",
    "model_variant": "allegro_three_finger_rod_revolute",
    "compatible_model_variants": [
      "allegro_three_finger_rod",
      "allegro_three_finger_rod_revolute"
    ],
    "created_at": "2026-08-23T17:15:52-07:00",
    "notes": ""
  },
  "hand_grasp_config": "/data/ypx/allegro_rod_mvp/configs/hand_grasps/my_grasp_revolute_shared.json",
  "hand_grasp_config_sha256": "fdd9ead60842eca3167f98ecda3c496ea752cff3fa9e053de47a4544e061b03a",
  "hand_grasp_config_content": {
    "schema": "allegro_rod_mvp.hand_grasp",
    "schema_version": 1,
    "hand_model": "allegro",
    "hand_pose_path": "configs/hand_poses/my_grasp.json",
    "hand_pose_sha256": "2d8ac7f17a6693855543395d52022524c1a2956422915ee2962544019f6e7c9f",
    "joint_order": [
      "f0_j0",
      "f0_j1",
      "f0_j2",
      "f0_j3",
      "f1_j0",
      "f1_j1",
      "f1_j2",
      "f1_j3",
      "f2_j0",
      "f2_j1",
      "f2_j2",
      "f2_j3"
    ],
    "reset_qpos": [
      7.548838867727841e-08,
      1.0736323864341875,
      1.0313785514651856,
      0.7316452497148404,
      0.16193687029911827,
      1.2757924785844845,
      1.0454911512789378,
      0.7641591781446949,
      1.0492318494888706,
      0.40374195243716865,
      0.19782398096519818,
      1.1841084856455784
    ],
    "grasp_qpos": [
      7.548838867727841e-08,
      1.0736323864341875,
      1.0313785514651856,
      0.7316452497148404,
      0.16193687029911827,
      1.2757924785844845,
      1.0454911512789378,
      0.7641591781446949,
      1.0492318494888706,
      0.40374195243716865,
      0.19782398096519818,
      1.1841084856455784
    ],
    "reset_joint_noise": 0.0075,
    "grasp_ramp_steps": 1,
    "grasp_hold_steps": 100,
    "validated_for": {
      "physics_modes": [
        "revolute"
      ],
      "mass_scales": [
        400.0,
        1.0
      ],
      "fixed_seeds": [
        0,
        1,
        2,
        3,
        4,
        5,
        6,
        7,
        8,
        9
      ],
      "steps_per_seed": 100
    },
    "source": "bounded per-finger signed-distance search at -1 mm target followed by deterministic dynamic robustness audit",
    "notes": "Shared revolute endpoint preset. The same vector passed tip-connect s=1 but not tip-connect s=400, so it is not silently promoted as a universal preset."
  },
  "dexscrew_tip_penalty_scale": 0.5,
  "vecnormalize": "runs/20260823-1820-two-phase-grasp-recovery-cont-seed0-R00-s400-mu4-iter0-seed0/checkpoints/vecnormalize.pkl",
  "axis_rotation_deg_mean": 192.05751069148536,
  "axis_rotation_deg_std": 14.371210857037672,
  "tip_error_m_mean": 1.588228127107691e-17,
  "tip_error_m_std": 8.75860251029777e-18,
  "contact_count_mean": 2.5,
  "contact_count_step_distribution": {
    "0": 0.0,
    "1": 0.00031191515907673113,
    "2": 0.039925140361821584,
    "3": 0.9597629444791017
  },
  "contact_fraction_at_least_one": 1.0,
  "contact_fraction_at_least_two": 0.9996880848409233,
  "finger_contact_step_fraction": [
    0.9878353087960074,
    0.9996880848409233,
    0.9719276356830941
  ],
  "minimum_window_three_contact_occupancy": {
    "window_steps": 25,
    "minimum_across_episodes": 0.68,
    "mean_episode_minimum": 0.704
  },
  "rolling_contact_gate_failure_steps": {
    "total": 5,
    "episodes_with_failure": 5
  },
  "per_tip_contact_loss_longest": [
    {
      "mean_steps": 1.9,
      "max_steps": 5,
      "mean_seconds": 0.076,
      "max_seconds": 0.2
    },
    {
      "mean_steps": 0.1,
      "max_steps": 1,
      "mean_seconds": 0.004,
      "max_seconds": 0.04
    },
    {
      "mean_steps": 5.9,
      "max_steps": 8,
      "mean_seconds": 0.23600000000000002,
      "max_seconds": 0.32
    }
  ],
  "per_tip_leave_return_events": [
    {
      "mean": 2.1,
      "minimum": 0,
      "maximum": 7,
      "total": 21
    },
    {
      "mean": 0.1,
      "minimum": 0,
      "maximum": 1,
      "total": 1
    },
    {
      "mean": 1.6,
      "minimum": 0,
      "maximum": 3,
      "total": 16
    }
  ],
  "complete_contact_loss_longest": {
    "mean_steps": 0.0,
    "max_steps": 0,
    "mean_seconds": 0.0,
    "max_seconds": 0.0
  },
  "below_two_contact_longest": {
    "mean_steps": 0.1,
    "max_steps": 1,
    "mean_seconds": 0.004,
    "max_seconds": 0.04
  },
  "rotation_cycle_metrics": {
    "cumulative_absolute_rotation_deg_mean": 289.6919606456614,
    "completed_net_cycles_mean": 0.0,
    "episodes_with_at_least_two_net_cycles": 0
  },
  "axial_omega_metrics": {
    "mean_rad_s": 0.25007962681888685,
    "p95_rad_s": 2.118291384863526,
    "fraction_above_success_threshold": 0.1232064878353088
  },
  "tip_error_m_max": 3.925231146709438e-17,
  "numerical_instability_episodes": 0,
  "final_axis_tilt_deg_mean": 0.0,
  "omega_hold_satisfied_rate": 0.0,
  "omega_hold_seconds_max_mean": 1.08,
  "stabilizer_torque_mean": 0.0,
  "stabilizer_torque_max_mean": 0.0,
  "termination_reasons": {
    "contact_support": 5,
    "none": 5
  },
  "reward_component_step_means": {
    "reward_rotation": 0.9790313602905625,
    "reward_tip_penalty": -2.242398953938659e-31,
    "reward_axis_tilt_penalty": 0.0,
    "reward_axis_tilt_penalty_raw": 0.0,
    "reward_axis_tilt_recovery": 0.0,
    "reward_lateral_omega_penalty": 0.0,
    "reward_contact_bonus": 0.28827377075842675,
    "reward_contact_bonus_raw": 0.28827377075842675,
    "reward_proximity": 0.00018150900158363004,
    "reward_force_penalty": 0.0,
    "reward_action_rate_penalty": -0.0004387093598742471
  },
  "normal_contact_force_n": {
    "per_tip": [
      {
        "mean": 33.95428035847216,
        "median": 35.960995124656336,
        "p95": 55.01592265017045
      },
      {
        "mean": 47.52736575912482,
        "median": 40.35454023016398,
        "p95": 110.46995347002878
      },
      {
        "mean": 23.722052873820598,
        "median": 19.290046661492276,
        "p95": 43.623948316939234
      }
    ],
    "total": {
      "mean": 105.20369899141757,
      "median": 99.97956587551636,
      "p95": 168.7160565916843
    },
    "definition": "MuJoCo contact-frame normal force, not actuator effort"
  },
  "success_rate": 0.0,
  "drop_rate": 0.5,
  "passed": false
}
