[
  {
    "seed": 0,
    "samples": 20000,
    "initial_distances_m": [
      -0.0012677645542708421,
      -0.0012801223890586376,
      0.08304432222822206
    ],
    "initial_forces_n": [
      32.72911512268152,
      32.51817967355059,
      0.0
    ],
    "best_individual": [
      {
        "distance_m": -0.023992248812872454,
        "qpos": [
          0.5226902473729853,
          -0.33107775717444426,
          0.06661550558530935,
          1.046295649690183,
          1.1199882859365355,
          -1.373885228804554,
          0.6628354678826317,
          -0.03904432371899733,
          -0.19861192654662346
        ]
      },
      {
        "distance_m": -0.02399668905228862,
        "qpos": [
          -1.1812984800819064,
          0.16761328813857562,
          -1.1711618433896878,
          -0.7535349096800816,
          0.47891914341103203,
          0.8040726949445292,
          0.6173822590621209,
          0.7312824364707025,
          0.41746371377642694
        ]
      },
      {
        "distance_m": -0.01520183857783342,
        "qpos": [
          -0.1471018606919852,
          -1.1294368652055744,
          1.0563850403735555,
          1.0594525423397767,
          -0.39130235707902633,
          -1.4187320955960108,
          -1.1966346333378142,
          -0.22975679947584035,
          0.922219462901611
        ]
      }
    ],
    "best_simultaneous": {
      "max_distance_m": -0.012548125324418315,
      "distances_m": [
        -0.022337975723172105,
        -0.019327006541307958,
        -0.012548125324418315
      ],
      "qpos": [
        -0.16403857444947922,
        0.9074966755486812,
        0.052780041543865265,
        -0.8346624351912709,
        0.6436390296858131,
        0.30834024933301113,
        -1.1850945033777025,
        0.031041482168450853,
        1.0387877909539736
      ]
    },
    "best_shallow_three_contact": {
      "score": 0.00010238679550971727,
      "distances_m": [
        -0.0011224740714365702,
        -0.010931555209932766,
        -0.0029328752478109746
      ],
      "qpos": [
        1.0863680073332038,
        -0.8950770470239803,
        0.15703519531033977,
        -0.9400542749127349,
        0.9565367511444104,
        -0.8404682077270111,
        -1.126385969954238,
        -0.3704957605273314,
        -0.3422040419624829
      ]
    },
    "dynamic_replay_candidate": "best_shallow_three_contact",
    "static_replay_distances_m": [
      -0.0011224740714365702,
      -0.010931555209932766,
      -0.0029328752478109746
    ],
    "settled_distances_m": [
      0.011944917816825865,
      0.017739012588820345,
      0.014038510337796283
    ],
    "settled_forces_n": [
      0.0,
      0.0,
      0.0
    ],
    "settled_contact_count": 0,
    "sample_contact_count_histogram": {
      "0": 10617,
      "1": 7753,
      "2": 1602,
      "3": 28
    }
  },
  {
    "seed": 1,
    "samples": 20000,
    "initial_distances_m": [
      -0.0018723195255953388,
      -0.0018875189298425445,
      0.08467927338397391
    ],
    "initial_forces_n": [
      47.89480854059589,
      47.13570451157193,
      0.0
    ],
    "best_individual": [
      {
        "distance_m": -0.023992622195370867,
        "qpos": [
          0.10780155278108276,
          0.747381652102618,
          -1.1902379341890956,
          -0.5181380418521285,
          0.13186792963110974,
          1.1255669796413215,
          0.19776291661461015,
          -0.09938177790162864,
          -0.30714548307225553
        ]
      },
      {
        "distance_m": -0.02399862295018245,
        "qpos": [
          -0.25870394027583854,
          0.1299994708243608,
          -0.3430217733264762,
          0.30398762939032425,
          -1.0972072097812733,
          -0.18785761529302963,
          -0.3616374488172804,
          -0.11810208814847449,
          -0.04540405380339916
        ]
      },
      {
        "distance_m": -0.014955926369355622,
        "qpos": [
          -1.1809985956361313,
          1.1333654908164827,
          -0.9103286024659883,
          -0.21565503601565678,
          0.8047195433253923,
          -0.2745095200210484,
          -1.1984885232541074,
          0.07895795610458965,
          -0.6097651661408956
        ]
      }
    ],
    "best_simultaneous": {
      "max_distance_m": -0.01226423112259108,
      "distances_m": [
        -0.023603700790387955,
        -0.023545017101159797,
        -0.01226423112259108
      ],
      "qpos": [
        0.49549572604130787,
        -0.45030438708582365,
        1.061264091414012,
        -0.43721458786156414,
        -0.18225396098989113,
        1.1674465144379955,
        -1.185684078817241,
        -0.026361573073740933,
        -1.321488462850436
      ]
    },
    "best_shallow_three_contact": {
      "score": 3.905912343692395e-05,
      "distances_m": [
        -0.0036802070099526546,
        -0.006579956687337719,
        -0.000139943497112157
      ],
      "qpos": [
        1.0854718658982054,
        -0.9259970725930831,
        0.06478867567314299,
        -0.199228955279065,
        -0.892334019364244,
        0.6743854160030084,
        -1.1956494145938603,
        0.6211018629369481,
        -0.846905943925108
      ]
    },
    "dynamic_replay_candidate": "best_shallow_three_contact",
    "static_replay_distances_m": [
      -0.0036802070099526546,
      -0.006579956687337719,
      -0.000139943497112157
    ],
    "settled_distances_m": [
      -0.0002643967669372811,
      0.02257976426458507,
      0.024873821739807532
    ],
    "settled_forces_n": [
      1.6118986349676172,
      0.0,
      0.0
    ],
    "settled_contact_count": 1,
    "sample_contact_count_histogram": {
      "0": 10701,
      "1": 7744,
      "2": 1522,
      "3": 33
    }
  },
  {
    "seed": 2,
    "samples": 20000,
    "initial_distances_m": [
      -0.0021217601807255494,
      -0.0021154464387929256,
      0.08242825321589191
    ],
    "initial_forces_n": [
      53.89409094693549,
      52.71275750974221,
      0.0
    ],
    "best_individual": [
      {
        "distance_m": -0.023989415896726422,
        "qpos": [
          0.5021868230942421,
          -0.224440248733962,
          -0.6072116755425166,
          -0.9333099991329069,
          -0.9990198174246402,
          0.936240173424535,
          0.42236616061076004,
          -0.6832215812347163,
          -0.24685831651464685
        ]
      },
      {
        "distance_m": -0.02399651850001515,
        "qpos": [
          0.8415670913415388,
          -0.45957556550927564,
          0.9240829292905419,
          -0.5805624471095108,
          0.36450010561024065,
          -0.0009508303018775157,
          0.6895478991031198,
          -1.2441399220624105,
          0.35118076583780333
        ]
      },
      {
        "distance_m": -0.015208558862650962,
        "qpos": [
          -1.1948041235898685,
          -0.16260151182391977,
          0.025746806392035915,
          -0.9263043417098598,
          -0.9784769569936229,
          -1.3844161545484457,
          -1.1993451896235023,
          -0.033780186467847174,
          -0.008948820720349384
        ]
      }
    ],
    "best_simultaneous": {
      "max_distance_m": -0.012971485276330526,
      "distances_m": [
        -0.020644299456399028,
        -0.01894433984907764,
        -0.012971485276330526
      ],
      "qpos": [
        0.7955804495945079,
        -1.1585014172769919,
        0.8899636167279089,
        -0.9274306722721812,
        0.7014394698501296,
        0.4763408066993167,
        -1.1952608260173596,
        -0.18731653094111894,
        0.06986552026688102
      ]
    },
    "best_shallow_three_contact": {
      "score": 7.025515058075214e-05,
      "distances_m": [
        -0.00918356702015367,
        -0.0015478961440233974,
        -0.002727481178701991
      ],
      "qpos": [
        0.4540409512478667,
        0.29369070435481615,
        -0.8515775436761956,
        -1.0975818881994877,
        0.4082036934641059,
        0.9220257342612563,
        -1.0643604103249555,
        0.3211536650465605,
        -1.2669608736396465
      ]
    },
    "dynamic_replay_candidate": "best_shallow_three_contact",
    "static_replay_distances_m": [
      -0.00918356702015367,
      -0.0015478961440233974,
      -0.002727481178701991
    ],
    "settled_distances_m": [
      0.03947388141673686,
      0.025263317568210666,
      -0.00013227455960031914
    ],
    "settled_forces_n": [
      0.0,
      0.0,
      0.9165832524471424
    ],
    "settled_contact_count": 1,
    "sample_contact_count_histogram": {
      "0": 10674,
      "1": 7802,
      "2": 1498,
      "3": 26
    }
  }
]
