[
  {
    "seed": 0,
    "samples": 20000,
    "initial_distances_m": [
      -0.0012677645542708421,
      -0.0012801223890586376,
      0.08111486727450665
    ],
    "initial_forces_n": [
      32.72911512268148,
      32.518179673550726,
      0.0
    ],
    "best_individual": [
      {
        "distance_m": -0.023992248812872465,
        "qpos": [
          0.5226902473729853,
          -0.33107775717444426,
          0.06661550558530935,
          1.046295649690183,
          1.1199882859365355,
          -1.373885228804554,
          0.6628354678826317,
          -0.03904432371899733,
          -0.19861192654662346
        ]
      },
      {
        "distance_m": -0.02399668905228861,
        "qpos": [
          -1.1812984800819064,
          0.16761328813857562,
          -1.1711618433896878,
          -0.7535349096800816,
          0.47891914341103203,
          0.8040726949445292,
          0.6173822590621209,
          0.7312824364707025,
          0.41746371377642694
        ]
      },
      {
        "distance_m": 0.0666638827621587,
        "qpos": [
          0.12394825246224403,
          -1.4524174574247863,
          -0.8323779815203085,
          0.2679663570849172,
          -1.074265309943893,
          -1.305448470463893,
          1.1757480649456864,
          -1.499708381637485,
          -1.429080264927143
        ]
      }
    ],
    "best_simultaneous": {
      "max_distance_m": 0.0666638827621587,
      "distances_m": [
        0.04661567034767863,
        -0.004399965558865848,
        0.0666638827621587
      ],
      "qpos": [
        0.12394825246224403,
        -1.4524174574247863,
        -0.8323779815203085,
        0.2679663570849172,
        -1.074265309943893,
        -1.305448470463893,
        1.1757480649456864,
        -1.499708381637485,
        -1.429080264927143
      ]
    },
    "static_replay_distances_m": [
      0.04661567034767863,
      -0.004399965558865848,
      0.0666638827621587
    ],
    "settled_distances_m": [
      0.04602485090930581,
      0.0014669510857381572,
      0.0774721682336672
    ],
    "settled_forces_n": [
      0.0,
      0.0,
      0.0
    ],
    "settled_contact_count": 0,
    "sample_contact_count_histogram": {
      "0": 10873,
      "1": 7690,
      "2": 1437,
      "3": 0
    }
  },
  {
    "seed": 1,
    "samples": 20000,
    "initial_distances_m": [
      -0.00187231952559537,
      -0.001887518929842489,
      0.08265812383905202
    ],
    "initial_forces_n": [
      47.89480854059596,
      47.135704511571575,
      0.0
    ],
    "best_individual": [
      {
        "distance_m": -0.02399262219537094,
        "qpos": [
          0.10780155278108276,
          0.747381652102618,
          -1.1902379341890956,
          -0.5181380418521285,
          0.13186792963110974,
          1.1255669796413215,
          0.19776291661461015,
          -0.09938177790162864,
          -0.30714548307225553
        ]
      },
      {
        "distance_m": -0.023998622950182444,
        "qpos": [
          -0.25870394027583854,
          0.1299994708243608,
          -0.3430217733264762,
          0.30398762939032425,
          -1.0972072097812733,
          -0.18785761529302963,
          -0.3616374488172804,
          -0.11810208814847449,
          -0.04540405380339916
        ]
      },
      {
        "distance_m": 0.0682699395216246,
        "qpos": [
          0.5295692171629446,
          1.0562496844723908,
          0.4832000384955553,
          -0.24554520855498918,
          1.1092901853153565,
          -0.07091451905199776,
          1.1485307187508769,
          -1.4799416803199081,
          -1.4019635631295813
        ]
      }
    ],
    "best_simultaneous": {
      "max_distance_m": 0.0682699395216246,
      "distances_m": [
        0.03166482356306334,
        0.032440912160626466,
        0.0682699395216246
      ],
      "qpos": [
        0.5295692171629446,
        1.0562496844723908,
        0.4832000384955553,
        -0.24554520855498918,
        1.1092901853153565,
        -0.07091451905199776,
        1.1485307187508769,
        -1.4799416803199081,
        -1.4019635631295813
      ]
    },
    "static_replay_distances_m": [
      0.03166482356306334,
      0.032440912160626466,
      0.0682699395216246
    ],
    "settled_distances_m": [
      0.03275309600564985,
      0.045698075584687754,
      0.0690414108032205
    ],
    "settled_forces_n": [
      0.0,
      0.0,
      0.0
    ],
    "settled_contact_count": 0,
    "sample_contact_count_histogram": {
      "0": 10923,
      "1": 7694,
      "2": 1383,
      "3": 0
    }
  },
  {
    "seed": 2,
    "samples": 20000,
    "initial_distances_m": [
      -0.0021217601807255564,
      -0.002115446438792922,
      0.08200754946428926
    ],
    "initial_forces_n": [
      53.894090946935435,
      52.71275750974243,
      0.0
    ],
    "best_individual": [
      {
        "distance_m": -0.023989415896726346,
        "qpos": [
          0.5021868230942421,
          -0.224440248733962,
          -0.6072116755425166,
          -0.9333099991329069,
          -0.9990198174246402,
          0.936240173424535,
          0.42236616061076004,
          -0.6832215812347163,
          -0.24685831651464685
        ]
      },
      {
        "distance_m": -0.02399651850001524,
        "qpos": [
          0.8415670913415388,
          -0.45957556550927564,
          0.9240829292905419,
          -0.5805624471095108,
          0.36450010561024065,
          -0.0009508303018775157,
          0.6895478991031198,
          -1.2441399220624105,
          0.35118076583780333
        ]
      },
      {
        "distance_m": 0.06791605076560245,
        "qpos": [
          0.20644199592438675,
          0.5631175048416106,
          0.6346473486608558,
          0.19490534718584077,
          0.44980806767151044,
          0.2623198191434831,
          0.9052481214553159,
          -1.4999023842160353,
          -1.4463702433008367
        ]
      }
    ],
    "best_simultaneous": {
      "max_distance_m": 0.06791605076560245,
      "distances_m": [
        -0.011110096854717776,
        0.04427199480157832,
        0.06791605076560245
      ],
      "qpos": [
        0.20644199592438675,
        0.5631175048416106,
        0.6346473486608558,
        0.19490534718584077,
        0.44980806767151044,
        0.2623198191434831,
        0.9052481214553159,
        -1.4999023842160353,
        -1.4463702433008367
      ]
    },
    "static_replay_distances_m": [
      -0.011110096854717776,
      0.04427199480157832,
      0.06791605076560245
    ],
    "settled_distances_m": [
      0.002632026414028949,
      0.05231468307902034,
      0.09975845002166278
    ],
    "settled_forces_n": [
      0.0,
      0.0,
      0.0
    ],
    "settled_contact_count": 0,
    "sample_contact_count_histogram": {
      "0": 10917,
      "1": 7737,
      "2": 1346,
      "3": 0
    }
  }
]
